src/app/api/identity/route.ts(21,56): error TS2339: Property 'ip' does not exist on type 'NextRequest'.
src/app/api/quote/route.ts(33,7): error TS2322: Type '{ email: string; }' is not assignable to type 'CustomerWhereUniqueInput'.
  Type '{ email: string; }' is not assignable to type '{ id: string; publicId: string; serviceM8ClientId: string; } & { id?: string | undefined; publicId?: string | undefined; serviceM8ClientId?: string | undefined; AND?: CustomerWhereInput | CustomerWhereInput[] | undefined; ... 11 more ...; jobs?: JobListRelationFilter | undefined; }'.
    Type '{ email: string; }' is missing the following properties from type '{ id: string; publicId: string; serviceM8ClientId: string; }': id, publicId, serviceM8ClientId
src/app/api/quote/route.ts(56,7): error TS2322: Type '{ publicId: string; status: "NEW"; category: any; urgency: "FLEXIBLE"; customerId: string; vehicleId: string | undefined; symptoms: { serviceKey: string | undefined; }; pricingSnapshotJson: any; }' is not assignable to type '(Without<QuoteRequestCreateInput, QuoteRequestUncheckedCreateInput> & QuoteRequestUncheckedCreateInput) | (Without<...> & QuoteRequestCreateInput)'.
  Type '{ publicId: string; status: "NEW"; category: any; urgency: "FLEXIBLE"; customerId: string; vehicleId: string | undefined; symptoms: { serviceKey: string | undefined; }; pricingSnapshotJson: any; }' is not assignable to type 'Without<QuoteRequestCreateInput, QuoteRequestUncheckedCreateInput> & QuoteRequestUncheckedCreateInput'.
    Property 'addressId' is missing in type '{ publicId: string; status: "NEW"; category: any; urgency: "FLEXIBLE"; customerId: string; vehicleId: string | undefined; symptoms: { serviceKey: string | undefined; }; pricingSnapshotJson: any; }' but required in type 'QuoteRequestUncheckedCreateInput'.
src/app/api/stripe/session/route.ts(83,7): error TS2322: Type '{ email: string; }' is not assignable to type 'CustomerWhereUniqueInput'.
  Type '{ email: string; }' is not assignable to type '{ id: string; publicId: string; serviceM8ClientId: string; } & { id?: string | undefined; publicId?: string | undefined; serviceM8ClientId?: string | undefined; AND?: CustomerWhereInput | CustomerWhereInput[] | undefined; ... 11 more ...; jobs?: JobListRelationFilter | undefined; }'.
    Type '{ email: string; }' is missing the following properties from type '{ id: string; publicId: string; serviceM8ClientId: string; }': id, publicId, serviceM8ClientId
src/app/api/stripe/session/route.ts(110,21): error TS2339: Property 'kind' does not exist on type '{ vehicle: { plate: string | null; id: string; model: string | null; publicId: string; createdAt: Date; updatedAt: Date; customerId: string; vin: string | null; make: string | null; year: number | null; fuel: string | null; odometer: string | null; } | null; } & { ...; }'.
src/app/book/page.tsx(126,28): error TS7006: Parameter 'date' implicitly has an 'any' type.
src/app/book/page.tsx(180,101): error TS7006: Parameter 'val' implicitly has an 'any' type.
src/app/book/page.tsx(181,103): error TS7006: Parameter 'val' implicitly has an 'any' type.
src/app/book/page.tsx(183,124): error TS7006: Parameter 'val' implicitly has an 'any' type.
src/app/book/page.tsx(184,113): error TS7006: Parameter 'val' implicitly has an 'any' type.
src/app/book/page.tsx(185,96): error TS7006: Parameter 'val' implicitly has an 'any' type.
src/scripts/seed.ts(197,18): error TS2339: Property 'servicePackageConfig' does not exist on type 'PrismaClient<PrismaClientOptions, never, DefaultArgs>'.
src/scripts/seed.ts(309,16): error TS2353: Object literal may only specify known properties, and 'zone' does not exist in type 'GeographicZoneWhereUniqueInput'.
src/scripts/seed.ts(311,9): error TS2353: Object literal may only specify known properties, and 'zone' does not exist in type '(Without<GeographicZoneCreateInput, GeographicZoneUncheckedCreateInput> & GeographicZoneUncheckedCreateInput) | (Without<...> & GeographicZoneCreateInput)'.
src/scripts/seed.ts(322,9): error TS2353: Object literal may only specify known properties, and 'travelBufferMinutes' does not exist in type '(Without<GeographicZoneUpdateInput, GeographicZoneUncheckedUpdateInput> & GeographicZoneUncheckedUpdateInput) | (Without<...> & GeographicZoneUpdateInput)'.
src/scripts/seed.ts(334,16): error TS2339: Property 'supplier' does not exist on type 'PrismaClient<PrismaClientOptions, never, DefaultArgs>'.
src/scripts/seed.ts(353,33): error TS2339: Property 'supplier' does not exist on type 'PrismaClient<PrismaClientOptions, never, DefaultArgs>'.
src/scripts/seed.ts(412,18): error TS2339: Property 'part' does not exist on type 'PrismaClient<PrismaClientOptions, never, DefaultArgs>'.
src/server/carjam.ts(78,31): error TS2551: Property 'vehicleLookupCache' does not exist on type 'PrismaClient<PrismaClientOptions, never, DefaultArgs>'. Did you mean 'vehicleCache'?
src/server/carjam.ts(87,18): error TS2551: Property 'vehicleLookupCache' does not exist on type 'PrismaClient<PrismaClientOptions, never, DefaultArgs>'. Did you mean 'vehicleCache'?
src/server/carjam.ts(117,16): error TS2551: Property 'vehicleLookupCache' does not exist on type 'PrismaClient<PrismaClientOptions, never, DefaultArgs>'. Did you mean 'vehicleCache'?
src/server/carjam.ts(283,16): error TS2551: Property 'vehicleLookupCache' does not exist on type 'PrismaClient<PrismaClientOptions, never, DefaultArgs>'. Did you mean 'vehicleCache'?
src/server/deposits.ts(10,49): error TS2322: Type '"2024-12-18.acacia"' is not assignable to type '"2025-08-27.basil"'.
src/server/deposits.ts(330,16): error TS2339: Property 'instantQuote' does not exist on type 'PrismaClient<PrismaClientOptions, never, DefaultArgs>'.
src/server/quote-engine.ts(700,30): error TS2339: Property 'instantQuote' does not exist on type 'PrismaClient<PrismaClientOptions, never, DefaultArgs>'.
src/server/zones.ts(147,16): error TS2353: Object literal may only specify known properties, and 'zone' does not exist in type 'GeographicZoneWhereUniqueInput'.
src/server/zones.ts(149,9): error TS2353: Object literal may only specify known properties, and 'zone' does not exist in type '(Without<GeographicZoneCreateInput, GeographicZoneUncheckedCreateInput> & GeographicZoneUncheckedCreateInput) | (Without<...> & GeographicZoneCreateInput)'.
src/server/zones.ts(160,9): error TS2353: Object literal may only specify known properties, and 'travelBufferMinutes' does not exist in type '(Without<GeographicZoneUpdateInput, GeographicZoneUncheckedUpdateInput> & GeographicZoneUncheckedUpdateInput) | (Without<...> & GeographicZoneUpdateInput)'.
src/server/zones.ts(173,14): error TS2353: Object literal may only specify known properties, and 'isActive' does not exist in type 'GeographicZoneWhereInput'.
